10
31
52
73
94
115
136
157
178
199
10
31
52
73
94
115
136
157
178
199
