miaw!
bark!
miaw!
bark!
miaw!
bark!
miaw!
bark!
miaw!
bark!