50
51
52
53
54
40
41
42
43
44
45
50
51
52
53
54
40
41
42
43
44
45