Please enter the strings (max count: 100, enter END to end sooner):
After sort:
Ali
Alieh
Hamed
Hamid
Kazem
Mammad
Zahra